{
	"type": "home",
	"blocks": [
		{
			"type": "image",
			"image_url": "https://chat-roulette-for-slack.com/static/img/logo.png",
			"alt_text": "chat-roulette logo"
		},
		{
			"type": "header",
			"text": {
				"type": "plain_text",
				"text": "Chat Roulette for Slack",
				"emoji": true
			}
		},
		{
			"type": "divider"
		},
		{
			"type": "section",
			"text": {
				"type": "mrkdwn",
				"text": "Chat Roulette helps you stay connected to your Slack community by introducing you to other members on a regular cadence."
			}
		},
		{
			"type": "header",
			"text": {
				"type": "plain_text",
				"text": ":question: How It Works",
				"emoji": true
			}
		},
		{
			"type": "divider"
		},
		{
			"type": "section",
			"text": {
				"type": "mrkdwn",
				"text": "Chat Roulette can be enabled on a Slack channel by inviting <@U0123456789> to it!"
			}
		},
		{
			"type": "section",
			"text": {
				"type": "mrkdwn",
				"text": "The Chat Roulette bot will then pair up members of the Slack channel every round giving participants ample time to connect. Based on the channel's _Connection Mode_ setting, the bot will suggest connecting in person for :coffee: or virtually over :video_camera: using Zoom, Google Meet, or Microsoft Teams."
			}
		}
	]
}