{
    "blocks": [
        {
            "type": "section",
            "text": {
                "type": "mrkdwn",
                "text": ":wave: Hi <@U0123456789> <@U9876543210>",
                "verbatim": false
            }
        },
        {
            "type": "section",
            "text": {
                "type": "mrkdwn",
                "text": "Time for an *end of round* check-in!",
                "verbatim": false
            }
        },
        {
            "type": "section",
            "text": {
                "type": "mrkdwn",
                "text": ":white_check_mark: <@U9876543210> said that you met! That's awesome :tada:",
                "verbatim": false
            }
        }
    ]
}