{
    "blocks": [
        {
            "type": "section",
            "text": {
                "type": "mrkdwn",
                "text": ":wave: Hello <@U0123456789>"
            }
        },
        {
            "type": "section",
            "text": {
                "type": "mrkdwn",
                "text": "Welcome to the <#C0123456789> channel :tada:"
            }
        },
        {
            "type": "section",
            "text": {
                "type": "mrkdwn",
                "text": "*Weekly* on *Mondays*, you will be introduced to another member in the <#C0123456789> channel. You will have until the end of each round to meet in person for :coffee: or virtually over :video_camera: using Zoom, Google Meet, or Microsoft Teams!",
                "verbatim": false
            }
        },
        {
            "type": "section",
            "text": {
                "type": "mrkdwn",
                "text": "The next Chat Roulette round begins on *Monday, January 3rd, 2022* :smile:"
            }
        },
        {
            "type": "section",
            "text": {
                "type": "mrkdwn",
                "text": "Chat Roulette has been enabled on this channel by <@U9876543210>, so if you have any questions, please reach out to them!"
            }
        },
        {
            "type": "divider"
        },
        {
            "type": "section",
            "text": {
                "type": "mrkdwn",
                "text": "*To participate in Chat Roulette, click the following button to complete onboarding:*"
            },
            "accessory": {
                "type": "button",
                "text": {
                    "type": "plain_text",
                    "text": ":white_check_mark: Opt In!",
                    "emoji": true
                },
                "value": "C0123456789",
                "action_id": "GREET_MEMBER|confirm"
            }
        }
    ]
}