{
	"blocks": [
		{
			"type": "section",
			"text": {
				"type": "mrkdwn",
				"text": "Hi all :wave:"
			}
		},
		{
			"type": "section",
			"text": {
				"type": "mrkdwn",
				"text": "A new round of Chat Roulette has just kicked off :rocket:"
			}
		},
		{
			"type": "section",
			"text": {
				"type": "mrkdwn",
				"text": "This round will run until *Monday, January 3rd, 2022*!"
			}
		},
		{
			"type": "header",
			"text": {
				"type": "plain_text",
				"text": ":bar_chart: Match Stats",
				"emoji": true
			}
		},
		{
			"type": "divider"
		},
		{
			"type": "section",
			"text": {
				"type": "mrkdwn",
				"text": "This round has *13* participants :tada:"
			}
		},
		{
			"type": "section",
			"text": {
				"type": "mrkdwn",
				"text": "*6* matches were made :raised_hands:"
			}
		}
		,{
			"type": "section",
			"text": {
				"type": "mrkdwn",
				"text": "Have fun connecting!"
			}
		}
	]
}